// Jest Snapshot v1, https://goo.gl/fbAQLP

exports[`AdminUserPage.vue renders the component and matches snapshot 1`] = `
"<gcontainer-stub class=\\"admin-user-page-container\\">
  <v-card-stub loaderheight=\\"4\\" tag=\\"div\\">
    <v-toolbar-stub color=\\"white\\" tag=\\"header\\" extensionheight=\\"48\\" flat=\\"true\\" src=\\"\\">
      <v-toolbar-title-stub tag=\\"div\\">Usu√°rios</v-toolbar-title-stub>
    </v-toolbar-stub>
    <v-tabs-stub activeclass=\\"\\" nexticon=\\"$next\\" previcon=\\"$prev\\" slidersize=\\"2\\">
      <v-tab-stub ripple=\\"true\\">
        <v-icon-stub left=\\"\\">
          mdi-table
        </v-icon-stub>
        Listar
      </v-tab-stub>
      <v-tab-stub ripple=\\"true\\">
        <v-icon-stub left=\\"\\">
          mdi-plus
        </v-icon-stub>
        Adicionar
      </v-tab-stub>
      <!---->
      <v-tab-item-stub>
        <usersadd-stub></usersadd-stub>
      </v-tab-item-stub>
      <v-tab-item-stub>
        <v-card-stub loaderheight=\\"4\\" tag=\\"div\\" flat=\\"true\\">
          <v-card-text-stub tag=\\"div\\">
            <p>
              Fusce a quam. Phasellus nec sem in justo pellentesque facilisis. Nam eget dui. Proin viverra, ligula sit amet ultrices semper, ligula arcu tristique sapien, a accumsan nisi mauris ac eros. In dui magna, posuere eget, vestibulum et, tempor auctor, justo.
            </p>
            <p class=\\"mb-0\\">
              Cras sagittis. Phasellus nec sem in justo pellentesque facilisis. Proin sapien ipsum, porta a, auctor quis, euismod ut, mi. Donec quam felis, ultricies nec, pellentesque eu, pretium quis, sem. Nam at tortor in tellus interdum sagittis.
            </p>
          </v-card-text-stub>
        </v-card-stub>
      </v-tab-item-stub>
    </v-tabs-stub>
  </v-card-stub>
</gcontainer-stub>"
`;
